// Jest Snapshot v1, https://goo.gl/fbAQLP

exports[`<Banner /> should render component that wraps banner on page 1`] = `
.c0 {
  background-color: #03FFA5;
  padding: 4rem 0;
  width: 100%;
}

.c0 #banner-image {
  display: none;
}

@media (min-width:768px) {
  .c0 #banner-image {
    display: block;
  }
}

<section
  class="c0"
/>
`
