// Jest Snapshot v1, https://goo.gl/fbAQLP

exports[
  `<Solution /> should render component that wraps Solution on page 1`
] = `
.c0 {
  background-color: #ffffff;
  padding: 5.6rem 0;
  width: 100%;
}

@media (min-width:768px) {
  .c0 {
    padding: 5.6rem 20.8rem;
  }
}

<section
  class="c0"
/>
`
